// Jest Snapshot v1, https://goo.gl/fbAQLP

exports[`StyledText Component matches snapshot 1`] = `
<Text
  style={
    Object {
      "fontFamily": "open-sans",
    }
  }
>
  Snapshot test
</Text>
`;
